
> project@0.1.0 build
> next build

ΓÜá `images.domains` is deprecated in favor of `images.remotePatterns`. Please update next.config.ts to protect your application from malicious users.
ΓÜá Warning: Next.js inferred your workspace root, but it may not be correct.
 We detected multiple lockfiles and selected the directory of C:\pnpm-lock.yaml as the root directory.
 To silence this warning, set `turbopack.root` in your Next.js config, or consider removing one of the lockfiles if it's not needed.
   See https://nextjs.org/docs/app/api-reference/config/next-config-js/turbopack#root-directory for more information.
 Detected additional lockfiles: 
   * C:\temporary projects\submit right\project\package-lock.json

Γû▓ Next.js 16.1.6 (Turbopack)
- Environments: .env.local

  Creating an optimized production build ...
Γ£ô Compiled successfully in 11.6s
  Running TypeScript ...
Failed to compile.

.next/types/validator.ts:900:31
Type error: Type 'typeof import("C:/temporary projects/submit right/project/app/api/blogs/[id]/route")' does not satisfy the constraint 'RouteHandlerConfig<"/api/blogs/[id]">'.
  Types of property 'GET' are incompatible.
    Type '(_req: NextRequest, { params }: { params: { id: string; }; }) => Promise<NextResponse<any>>' is not assignable to type '(request: NextRequest, context: { params: Promise<{ id: string; }>; }) => void | Response | Promise<void | Response>'.
      Types of parameters '__1' and 'context' are incompatible.
        Type '{ params: Promise<{ id: string; }>; }' is not assignable to type '{ params: { id: string; }; }'.
          Types of property 'params' are incompatible.
            Property 'id' is missing in type 'Promise<{ id: string; }>' but required in type '{ id: string; }'.

  898 |   type __IsExpected<Specific extends RouteHandlerConfig<"/api/blogs/[id]">> = Specific
  899 |   const handler = {} as typeof import("../../app/api/blogs/[id]/route.js")
> 900 |   type __Check = __IsExpected<typeof handler>
      |                               ^
  901 |   // @ts-ignore
  902 |   type __Unused = __Check
  903 | }
Next.js build worker exited with code: 1 and signal: null
